// Jest Snapshot v1, https://goo.gl/fbAQLP

exports[`Search Page Tests Should display no results 1`] = `
<div>
  <div
    class="search-page"
  >
    <div
      class="search-bar-wrapper"
    >
      <form>
        <input
          class="search-bar"
          type="text"
          value=""
        />
        <button
          type="submit"
        >
          <svg
            fill="currentColor"
            height="1em"
            viewBox="0 0 16 16"
            width="1em"
            xmlns="http://www.w3.org/2000/svg"
          >
            <path
              d="M11.742 10.344a6.5 6.5 0 1 0-1.397 1.398h-.001c.03.04.062.078.098.115l3.85 3.85a1 1 0 0 0 1.415-1.414l-3.85-3.85a1.007 1.007 0 0 0-.115-.1zM12 6.5a5.5 5.5 0 1 1-11 0 5.5 5.5 0 0 1 11 0z"
            />
          </svg>
        </button>
      </form>
    </div>
    <div
      class="no-results"
    >
      <div
        class="no-results-content"
      >
        <svg
          fill="currentColor"
          height="1em"
          viewBox="0 0 16 16"
          width="1em"
          xmlns="http://www.w3.org/2000/svg"
        >
          <path
            d="M11.742 10.344a6.5 6.5 0 1 0-1.397 1.398h-.001c.03.04.062.078.098.115l3.85 3.85a1 1 0 0 0 1.415-1.414l-3.85-3.85a1.007 1.007 0 0 0-.115-.1zM12 6.5a5.5 5.5 0 1 1-11 0 5.5 5.5 0 0 1 11 0z"
          />
        </svg>
        <span>
          No Results Found.
        </span>
      </div>
    </div>
  </div>
</div>
`;
